al C:$0000 .volumeboost             
al C:$0000 .thc_chn4off             
al C:$0000 .rleimproved             
al C:$0000 .thc_chn4vol             
al C:$0000 .replayrate              
al C:$0000 .thc_chn5vol             
al C:$0000 .signed                  
al C:$0000 .sampleoutput            
al C:$0000 .loopstation             
al C:$0000 .thc_chn3per             
al C:$0000 .fastjitter              
al C:$0000 .controlchannel          
al C:$0000 .playlzstream            
al C:$0000 .thc_chn2vol             
al C:$0000 .preset                  
al C:$0000 .thc_chn2off             
al C:$0000 .thc_chn8vol             
al C:$0000 .thc_chn7vol             
al C:$0000 .includesid              
al C:$0000 .thc_chn6per             
al C:$0000 .thc_chn5off             
al C:$0000 .globalfilter            
al C:$0000 .deltacoding             
al C:$0000 .thc_chn4per             
al C:$0000 .use3bit                 
al C:$0000 .thc_chn2per             
al C:$0000 .debug                   
al C:$0000 .thc_chn6vol             
al C:$0000 .thc_chn3vol             
al C:$0000 .detachmixer             
al C:$0000 .thc_chn7per             
al C:$0000 .thc_chn5per             
al C:$0000 .cc2patch                
al C:$0000 .thc_chn8per             
al C:$0000 .thc_chn8off             
al C:$0000 .thc_chn6off             
al C:$0000 .thc_chn7off             
al C:$0000 .thc_chn3off             
al C:$0000 .playinterleave          
al C:$0001 .volumesupport           
al C:$0001 .thc_chn1vol             
al C:$0001 .release                 
al C:$0001 .external                
al C:$0001 .multispeed              
al C:$0001 .lastperiod              
al C:$0001 .sampleoffsetsupport     
al C:$0001 .thc_chn1off             
al C:$0001 .thc_chn1per             
al C:$0001 .digivoices              
al C:$0001 .screen                  
al C:$0001 .stablenmi               
al C:$0001 .timingcolors            
al C:$0002 .nmiplay                 
al C:$0002 .lastvolume              
al C:$0002 .zeropagecode            
al C:$0003 .nmiplaybuf              
al C:$0004 .bitdepth                
al C:$0005 .nmiplaynobuf            
al C:$0007 .siddelay                
al C:$000f .fetch                   
al C:$000f .echodistance            
al C:$001c .abuf                    
al C:$001f .samples                 
al C:$0021 .notefetch1              
al C:$0024 .samplefetch1a           
al C:$0027 .periodsteplength        
al C:$0029 .samplefetch1b           
al C:$002e .samplefetch1c           
al C:$0033 .samplefetch1d           
al C:$0038 .mix1a                   
al C:$003b .mixswitch1              
al C:$003e .mix1b                   
al C:$0041 .mixswitch2              
al C:$0044 .mix1c                   
al C:$0047 .mixswitch3              
al C:$004a .mix1d                   
al C:$004d .mixswitch4              
al C:$0053 ._10_exit                 
al C:$007d .nmifreq                 
al C:$009c .mixingbufferlength      
al C:$00ee .voice1active            
al C:$00ee .zeropage                
al C:$00ee .clearstart              
al C:$00ee .prodlo                  
al C:$00ef .sample1frac             
al C:$00f0 .zp                      
al C:$00f0 .clearend                
al C:$00fe .goatlo                  
al C:$00ff .goathi                  
al C:$0102 .nmidest                 
al C:$0110 .debuglo                 
al C:$0111 .debughi                 
al C:$0112 .debuglo2                
al C:$0113 .debughi2                
al C:$0408 .mixingbuffer1           
al C:$0508 .mixingbuffer1b          
al C:$0608 .notestablelo            
al C:$0684 .notestablehi            
al C:$0708 .notesaddlo              
al C:$0784 .notesaddfrac            
al C:$080d .﻿                     
al C:$080d .main                    
al C:$085d ._1_wait1                 
al C:$0862 ._1_wait2                 
al C:$0870 .startmixing             
al C:$0889 .irq1                    
al C:$0897 .bufferpointer           
al C:$089d ._2_buf1                  
al C:$08ab ._2_areg                  
al C:$08ad ._2_xreg                  
al C:$08af ._2_yreg                  
al C:$08b2 ._3_1                     
al C:$08b2 .vblank                  
al C:$08b7 ._3_2                     
al C:$08bd .copynmi                 
al C:$08bf ._4_copy2                 
al C:$08c1 ._4_copy                  
al C:$08c4 ._4_dest                  
al C:$08c9 ._4_check                 
al C:$08d9 ._4_nmilen                
al C:$08e1 .nmi1                    
al C:$08e4 .nmi2                    
al C:$08ea .nmi3                    
al C:$08ed .nmi4                    
al C:$08f2 .nmi5                    
al C:$08f6 .nmi6                    
al C:$08fb .nmi7                    
al C:$0900 .nmi8                    
al C:$0906 .nmi9                    
al C:$0a00 .d418tab                 
al C:$0b00 .initnmi                 
al C:$0b08 .mixingbuffer2           
al C:$0b2c ._5_sync1                 
al C:$0b31 ._5_sync2                 
al C:$0b50 ._5_cia_detect            
al C:$0b5b ._5_waitline              
al C:$0b6d ._5_skip1                 
al C:$0b7a ._5_skip2                 
al C:$0b85 ._5_onecycle              
al C:$0b8a ._5_skip3                 
al C:$0bad .sucks                   
al C:$0bb0 ._5_cia_type              
al C:$0bb4 ._5_skip4                 
al C:$0bbc .sucks2                  
al C:$0bc0 ._5_waitcycles            
al C:$0bc2 ._5_loop1                 
al C:$0bc8 ._5_wait12                
al C:$0bc9 ._7_voladd1               
al C:$0bc9 .volumetablegen          
al C:$0be5 ._7_loop1                 
al C:$0be8 ._7_factor1               
al C:$0bea ._7_noadd1                
al C:$0bf5 ._7_moreamp               
al C:$0c02 ._7_loop2                 
al C:$0c05 ._7_factor2               
al C:$0c07 ._7_noadd2                
al C:$0c08 .mixingbuffer2b          
al C:$0c0e ._7_zeroref               
al C:$0c13 ._7_ampdest               
al C:$0c25 ._7_exit                  
al C:$0c27 ._7_amppatch              
al C:$0c2b .periodtablegen          
al C:$0c2d ._8_loop2                 
al C:$0c53 ._8_loop1                 
al C:$0c5e ._8_tableset              
al C:$0c62 ._8_stepfraclo            
al C:$0c64 ._8_stepfracloadd         
al C:$0c69 ._8_stepfracmi            
al C:$0c6b ._8_stepfracmiadd         
al C:$0c70 ._8_stepfrachi            
al C:$0c72 ._8_stepfrachiadd         
al C:$0c77 ._8_steplo                
al C:$0c79 ._8_steploadd             
al C:$0caf ._8_overset               
al C:$0cb5 ._8_overinc               
al C:$0cbd ._8_exit                  
al C:$0cbe .initsamples             
al C:$0cbe ._9_goon                  
al C:$0cc0 ._9_loop                  
al C:$0ce2 ._9_getloop               
al C:$0ce5 ._9_storeloop             
al C:$0ce9 ._9_checker               
al C:$0ced ._9_nextsample            
al C:$0cf1 .nmi_start               
al C:$0d43 .javainit                
al C:$0d43 .nmi_end                 
al C:$0d47 ._11_loop1                
al C:$0d4d ._11_loop2                
al C:$0d58 ._11_oldsid               
al C:$0d5b ._11_newsid               
al C:$0d69 ._11_mixbuffer            
al C:$0d78 ._11_loop4                
al C:$0d7e .javarestart             
al C:$0d80 ._11_over                 
al C:$0dbd .stoptune                
al C:$0dc7 .clearsid                
al C:$0dcb ._14_loop1                
al C:$0dd2 .mixer                   
al C:$0ddb ._15_buf1                 
al C:$0de3 .mixrestart              
al C:$0de3 .period1delay            
al C:$0de7 .period1datapointer      
al C:$0e07 ._16_endofsong            
al C:$0e0d ._16_setperioddelay       
al C:$0e1c ._16_exitperioddelay      
al C:$0e1f .volume1delay            
al C:$0e1f ._16_volumedepack         
al C:$0e23 .volume1datapointer      
al C:$0e37 ._16_setvolume3           
al C:$0e4c ._16_exitvolumedelay      
al C:$0e4f ._16_offsetdepack         
al C:$0e57 .offset1delay            
al C:$0e5b .offset1datapointer      
al C:$0e6f ._16_setoffset            
al C:$0e93 ._16_exitoffsetdelay      
al C:$0e96 ._16_sampledepack         
al C:$0e96 .sample1delay            
al C:$0ea0 .sample1datapointer      
al C:$0eaa ._16_zeroinc2             
al C:$0eb4 ._16_setsample            
al C:$0ebc ._16_noinc2               
al C:$0ebc ._16_storesample          
al C:$0ec4 .offsetlo1               
al C:$0ecb .offsethi1               
al C:$0edf ._16_noloop2              
al C:$0ee8 ._16_nonewnote            
al C:$0eec ._16_stopvoice1           
al C:$0ef2 ._16_stopvoice2           
al C:$0ef6 ._16_stopvoice3           
al C:$0efa ._16_stopvoice4           
al C:$0f03 .sound1                  
al C:$0f03 ._16_preppart1            
al C:$0f05 .note1                   
al C:$0f28 ._16_checkloop1           
al C:$0f31 ._16_loop1                
al C:$0f41 ._16_preppart2            
al C:$0f67 ._16_checkloop2           
al C:$0f72 ._16_loop2                
al C:$0f82 ._16_preppart3            
al C:$0fa2 ._16_checkloop3           
al C:$0fad ._16_loop3                
al C:$0fbd ._16_preppart4            
al C:$0fe8 ._16_loop4                
al C:$0ff7 ._16_nextvoice            
al C:$0ffd .d418tab8580             
al C:$0ffd .samplememstart          
al C:$0ffd .sample01                
al C:$2187 .sample01end             
al C:$21ae .sample02                
al C:$3256 .sample02end             
al C:$327d .sample03                
al C:$4000 .debugmem                
al C:$4303 .sample03end             
al C:$432a .sample04                
al C:$4500 .sample04end             
al C:$4527 .sample05                
al C:$46bf .sample05end             
al C:$46e6 .sample06                
al C:$48a6 .sample06end             
al C:$48cd .sample07                
al C:$4b6b .sample07end             
al C:$4b92 .sample08                
al C:$524c .sample08end             
al C:$5273 .sample09                
al C:$618d .sample09end             
al C:$61b4 .sample10                
al C:$75f4 .sample10end             
al C:$761b .samplememend            
al C:$7700 .loopposlo               
al C:$7720 .loopposhi               
al C:$7740 .looplengthlo            
al C:$7760 .looplengthhi            
al C:$7780 .samplestartlo           
al C:$77a0 .samplestarthi           
al C:$77c0 .sampleendlo             
al C:$77e0 .sampleendhi             
al C:$7800 .stepfraclotable         
al C:$7801 .stepfracmitable         
al C:$7802 .stepfrachitable         
al C:$7803 .steplotable             
al C:$7804 .volumestable            
al C:$7807 .safetymargintable       
al C:$7827 .sampleslo               
al C:$7827 .song00                  
al C:$7828 .sampleshi               
al C:$7829 .periodslo               
al C:$782a .periodshi               
al C:$782b .volumeslo               
al C:$782c .volumeshi               
al C:$782d .offsetslo               
al C:$782e .offsetshi               
al C:$782f .period1data             
al C:$7837 .sample1data             
al C:$784f .volume1data             
al C:$7856 .offset1data             
al C:$785c .songdataend             
al C:$e000 .sample19end             
al C:$e000 .sample13end             
al C:$e000 .sample28end             
al C:$e000 .sample14end             
al C:$e000 .sample22end             
al C:$e000 .sample20                
al C:$e000 .sample20end             
al C:$e000 .sample21                
al C:$e000 .sample23end             
al C:$e000 .sample22                
al C:$e000 .sample13                
al C:$e000 .sample11                
al C:$e000 .sample12                
al C:$e000 .sample00end             
al C:$e000 .sample23                
al C:$e000 .sample30                
al C:$e000 .sample24                
al C:$e000 .sample18end             
al C:$e000 .sample24end             
al C:$e000 .sample30end             
al C:$e000 .sample18                
al C:$e000 .sample27                
al C:$e000 .sample17                
al C:$e000 .sample27end             
al C:$e000 .sample16                
al C:$e000 .sample15                
al C:$e000 .sample29                
al C:$e000 .sample31end             
al C:$e000 .sample25end             
al C:$e000 .sample00                
al C:$e000 .sample12end             
al C:$e000 .volumetable             
al C:$e000 .sample16end             
al C:$e000 .silentbuffer            
al C:$e000 .sample31                
al C:$e000 .sample25                
al C:$e000 .sample17end             
al C:$e000 .sample29end             
al C:$e000 .sample15end             
al C:$e000 .sample14                
al C:$e000 .sample11end             
al C:$e000 .sample21end             
al C:$e000 .sample19                
al C:$e000 .sample26                
al C:$e000 .sample28                
al C:$e000 .sample26end             
al C:$f000 .periodtable             
